[tm-shopify046-sweets.myshopify.com/index.html]
[backblue.gif]
[fade.gif]
[index.html]
[cdn.shopify.com/shopifycloud/checkout-web/assets/checkout-web-packages_Information_NoAddressLocation_Payment_PostPurchase_Review_Shipping_ShopPay_Sho_cf13f96e.latest.en.04837ae4ff5a8e949953.0.delaye]
[cdn.shopify.com/shopifycloud/checkout-web/assets/Information_Payment_ShopPay.latest.en.84ff9c0024faf7f72c14.js]
[cdn.shopify.com/shopifycloud/checkout-web/assets/Information.latest.en.900911b3d82c82309ebf.js]
[cdn.shopify.com/shopifycloud/checkout-web/assets/checkout-web-ui_app.latest.en.86cd9328cdcd6cd3a58f.js]
[cdn.shopify.com/shopifycloud/checkout-web/assets/vendors_app.latest.en.b4546f9bffad10b3673b.js]
[cdn.shopify.com/shopifycloud/checkout-web/assets/checkout-web-packages_app.latest.en.f5154093d2604596d084.js]
[cdn.shopify.com/shopifycloud/checkout-web/assets/vendors_app.latest.en.e788719f193b49c039a3.css]
[cdn.shopify.com/shopifycloud/checkout-web/assets/app.latest.en.6b4c79ead7042980b29d.css]
[cdn.shopify.com/shopifycloud/checkout-web/assets/Information_Payment_ShopPay.latest.en.da9f06164a980bf8e7ea.css]
[tm-shopify046-sweets.myshopify.com/GET.9.delayed]
[cdn.shopify.com/shopifycloud/storefront-recaptcha-v3/v0.6/index.js]
[cdn.shopify.com/shopifycloud/shopify/assets/storefront/load_feature-e154599399e6b8b29dcb1102cc76eb199fa33a09af4fa78d15e8f8544ee64fcd.js]
[cdn.shopify.com/shopifycloud/shopify/assets/storefront/features-87e8399988880142f2c62771b9d8f2ff6c290b3ff745dd426eb0dfe0db9d1dae.js]
[cdn.shopify.com/s/files/1/0507/2673/t/2/assets/bootstrapa4ff.css]
[cdn.shopify.com/s/files/1/0507/2673/t/2/assets/assets3511.css]
[cdn.shopify.com/s/files/1/0507/2673/t/2/assets/style7df3.css]
[cdn.shopify.com/s/files/1/0507/2673/t/2/assets/responsive621c.css]
[cdn.shopify.com/s/files/1/0507/2673/t/2/assets/font-awesome7b0a.css]
[ajax.googleapis.com/ajax/libs/jquery/1.8.3/jquery.min.js]
[cdn.shopify.com/shopifycloud/shopify/assets/themes_support/option_selection-9f517843f664ad329c689020fb1e45d03cac979f64b9eb1651ea32858b0ff452.js]
[cdn.shopify.com/s/files/1/0507/2673/t/2/assets/bootstrap.min6a74.js]
[cdn.shopify.com/s/files/1/0507/2673/t/2/assets/jquery-migrate-1.2.1.mine3a9.js]
[cdn.shopify.com/s/files/1/0507/2673/t/2/assets/jquery.mobile.customized.minfb98.js]
[cdn.shopify.com/s/files/1/0507/2673/t/2/assets/shop9475.js]
[cdn.shopify.com/s/files/1/0507/2673/t/2/assets/jquery.easing.1.3163a.js]
[cdn.shopify.com/s/files/1/0507/2673/t/2/assets/api.jquerye116.js]
[cdn.shopify.com/s/files/1/0507/2673/t/2/assets/ajaxify-shop017b.js]
[cdn.shopify.com/s/files/1/0507/2673/t/2/assets/hoverIntentc9f0.js]
[cdn.shopify.com/s/files/1/0507/2673/t/2/assets/superfishb65e.js]
[cdn.shopify.com/s/files/1/0507/2673/t/2/assets/supersubsb277.js]
[cdn.shopify.com/s/files/1/0507/2673/t/2/assets/jquery.mobilemenu5a7b.js]
[cdn.shopify.com/s/files/1/0507/2673/t/2/assets/sftouchscreen2474.js]
[cdn.shopify.com/s/files/1/0507/2673/t/2/assets/jquery.fancybox-1.3.4c85b.js]
[cdn.shopify.com/s/files/1/0507/2673/t/2/assets/jquery.bxslider.minc4c3.js]
[tm-shopify046-sweets.myshopify.com/index.html]
[cdn.shopify.com/shopifycloud/checkout-web/assets/vendors_app.latest.en.e788719f193b49c039a3.css]
[cdn.shopify.com/shopifycloud/checkout-web/assets/app.latest.en.6b4c79ead7042980b29d.css]
[cdn.shopify.com/shopifycloud/checkout-web/assets/Information_Payment_ShopPay.latest.en.da9f06164a980bf8e7ea.css]
[tm-shopify046-sweets.myshopify.com/GET.html]
[cdn.shopify.com/s/files/1/0507/2673/t/2/assets/bootstrapa4ff.css]
[cdn.shopify.com/s/files/1/0507/2673/t/2/assets/assets3511.css]
[cdn.shopify.com/s/files/1/0507/2673/t/2/assets/style7df3.css]
[cdn.shopify.com/s/files/1/0507/2673/t/2/assets/responsive621c.css]
[cdn.shopify.com/s/files/1/0507/2673/t/2/assets/font-awesome7b0a.css]
[cdn.shopify.com/s/files/1/0507/2673/t/2/assets/jquery.nivoslidercd26.js]
